customPrunedTriggerCollection = [
   "HLT_Mu17_TrkIsoVVL_Mu8_TrkIsoVVL_v*", # HLT prescaled
   "HLT_Mu17_TrkIsoVVL_Mu8_TrkIsoVVL_DZ_v*",
   "HLT_Mu17_TrkIsoVVL_TkMu8_TrkIsoVVL_v*", # HLT prescaled
   "HLT_Mu17_TrkIsoVVL_TkMu8_TrkIsoVVL_DZ_v*",

   "HLT_Mu8_DiEle12_CaloIdL_TrackIdL_v*",
   "HLT_DiMu9_Ele9_CaloIdL_TrackIdL_v*",
   "HLT_Mu8_TrkIsoVVL_Ele17_CaloIdL_TrackIdL_IsoVL_v*",
   "HLT_Mu8_TrkIsoVVL_Ele23_CaloIdL_TrackIdL_IsoVL_v*",
   "HLT_Mu8_TrkIsoVVL_Ele23_CaloIdL_TrackIdL_IsoVL_DZ_v*",
   "HLT_Mu12_TrkIsoVVL_Ele23_CaloIdL_TrackIdL_IsoVL_v*",
   "HLT_Mu12_TrkIsoVVL_Ele23_CaloIdL_TrackIdL_IsoVL_DZ_v*",
   "HLT_Mu17_TrkIsoVVL_Ele12_CaloIdL_TrackIdL_IsoVL_v*",
   "HLT_Mu23_TrkIsoVVL_Ele8_CaloIdL_TrackIdL_IsoVL_v*",
   "HLT_Mu23_TrkIsoVVL_Ele12_CaloIdL_TrackIdL_IsoVL_v*",
   "HLT_Mu23_TrkIsoVVL_Ele12_CaloIdL_TrackIdL_IsoVL_DZ_v*",

   "HLT_IsoMu20_v*",
   "HLT_IsoTkMu20_v*",
   "HLT_IsoMu22_v*",
   "HLT_IsoTkMu22_v*",
   "HLT_IsoMu24_v*",
   "HLT_IsoTkMu24_v*",

   "HLT_Mu8_v*", # Has L1 and HLT prescales
   "HLT_Mu8_TrkIsoVVL_v*", # Has L1 and HLT prescales
   "HLT_Mu17_v*", # Has L1 and HLT prescales
   "HLT_Mu17_TrkIsoVVL_v*", # Has L1 and HLT prescales
   "HLT_Mu50_v*", # For high-pT single muon eff.
   "HLT_TkMu50_v*", # For high-pT single muon eff.

   "HLT_Ele17_Ele12_CaloIdL_TrackIdL_IsoVL_DZ_v*",
   "HLT_Ele23_Ele12_CaloIdL_TrackIdL_IsoVL_DZ_v*",
   "HLT_DoubleEle33_CaloIdL_GsfTrkIdVL_v*",
   "HLT_DoubleEle33_CaloIdL_v*",

   "HLT_Ele25_eta2p1_WPTight_Gsf_v*",
   "HLT_Ele27_WPTight_Gsf_v*",
   "HLT_Ele27_eta2p1_WPLoose_Gsf_v*",
   "HLT_Ele32_eta2p1_WPTight_Gsf_v*",

   "HLT_Ele8_CaloIdM_TrackIdM_PFJet30_v*", # Has L1 prescales
   "HLT_Ele8_CaloIdL_TrackIdL_IsoVL_PFJet30_v*", # Has L1 prescales
   "HLT_Ele17_CaloIdM_TrackIdM_PFJet30_v*", # Has L1 and HLT prescales
   "HLT_Ele17_CaloIdL_TrackIdL_IsoVL_PFJet30_v*", # Has L1 and HLT prescales

   "HLT_DiMu9_Ele9_CaloIdL_TrackIdL_v*", # Seems unprescaled, to be checked
   "HLT_Mu8_DiEle12_CaloIdL_TrackIdL_v*", # Seems unprescaled, to be checked
   "HLT_TripleMu_12_10_5_v*",
   #"HLT_TripleMu_5_3_3_DZ_Mass3p8_v*",
   "HLT_Ele16_Ele12_Ele8_CaloIdL_TrackIdL_v*",

   "HLT_DoublePhoton60_v*",
   #"HLT_DoublePhoton85_v*",

   "HLT_Photon*_R9Id90_HE10_IsoM_v*",
   "HLT_Photon*_R9Id90_HE10_Iso40_EBOnly_VBF_v*",
   "HLT_Photon165_HE10_v*",
   "HLT_Photon175_v*", # Unprescaled
   "HLT_Photon250_NoHE_v*", # Unprescaled
   "HLT_Photon300_NoHE_v*", # Unprescaled

   "HLT_AK8PFJet360_TrimMass30_v*", # Unprescaled
   "HLT_PFHT250_v*", # Has L1 prescales
   "HLT_PFHT300_v*", # Has HLT prescales
   "HLT_PFHT350_v*", # Has HLT prescales
   "HLT_PFHT400_v*", # Has HLT prescales
   "HLT_PFHT475_v*", # Has HLT prescales
   "HLT_PFHT600_v*", # Has HLT prescales
   "HLT_PFHT650_v*", # Has HLT prescales
   "HLT_PFHT800_v*", # Unprescaled, does not exist? Not so according to AN-17-277, but it looks like it doesn't from the final trigger menu spreadsheets
   "HLT_PFHT900_v*", # Unprescaled
   "HLT_PFMET120_PFMHT120_IDTight_v*",
   "HLT_PFMETNoMu120_PFMHTNoMu120_IDTight_v*",
   "HLT_PFMET170_HBHECleaned_v*",
   ]
