customPrunedTriggerCollection = [
   "HLT_Photon*_v*",
   "HLT_Photon*_HoverELoose_v*",
   "HLT_Photon*_R9Id90_HE10_IsoM_v*",
   "HLT_Photon*_R9Id90_HE10_Iso40_EBOnly_VBF_v*",
   "HLT_Photon*_NoHE_v*",
   "HLT_Photon*_HE10_v*",
   "HLT_Ele*_WPTight_Gsf_v*",
   "HLT_Ele*_eta2p1_WPLoose_Gsf_v*",
   "HLT_Ele*_eta2p1_WPTight_Gsf_v*",
   "HLT_IsoMu*_v*",
   "HLT_IsoTkMu*_v*",
   "HLT_DiMu*_Ele*_CaloIdL_TrackIdL_v*",
   "HLT_DiMu*_Ele*_CaloIdL_TrackIdL_DZ_v*",
   "HLT_Mu*_DiEle*_CaloIdL_TrackIdL_v*",
   "HLT_Mu*_DiEle*_CaloIdL_TrackIdL_DZ_v*",
   "HLT_Mu*_TrkIsoVVL_Ele*_CaloIdL_TrackIdL_IsoVL_v*",
   "HLT_Mu*_TrkIsoVVL_Ele*_CaloIdL_TrackIdL_IsoVL_DZ_v*",
   "HLT_Ele*_Ele*_CaloIdL_TrackIdL_IsoVL_v*",
   "HLT_Ele*_Ele*_CaloIdL_TrackIdL_IsoVL_DZ_v*",
   "HLT_DoubleEle*_CaloIdL_MW_v*",
   "HLT_DoubleEle*_CaloIdL_GsfTrkIdVL_v*",
   "HLT_Mu*_TrkIsoVVL_Mu*_TrkIsoVVL_v*",
   "HLT_Mu*_TrkIsoVVL_Mu*_TrkIsoVVL_DZ_v*",
   "HLT_Mu*_TrkIsoVVL_Mu*_TrkIsoVVL_DZ_Mass*_v*",
   "HLT_Mu*_TrkIsoVVL_TkMu*_TrkIsoVVL_v*",
   "HLT_Mu*_TrkIsoVVL_TkMu*_TrkIsoVVL_DZ_v*",
   "HLT_Ele*_Ele*_Ele*_CaloIdL_TrackIdL_v*",
   "HLT_TripleMu_*_v*",
   ]
