customPrunedTriggerCollection = [
   "HLT_Photon175_v*",
   "HLT_Photon165_HE10_v*",
   "HLT_Photon*_R9Id90_HE10_IsoM_v*",
   "HLT_Ele27_WPTight_Gsf_v*",
   "HLT_Ele27_eta2p1_WPLoose_Gsf_v*",
   "HLT_DoubleEle33_CaloIdL_v*",
   "HLT_Ele23_Ele12_CaloIdL_TrackIdL_IsoVL_DZ_v*",
   "HLT_Ele17_Ele12_CaloIdL_TrackIdL_IsoVL_DZ_v*",
   "HLT_IsoMu22_v*",
   "HLT_IsoMu24_v*",
   "HLT_IsoTkMu22_v*",
   "HLT_IsoTkMu24_v*",
   "HLT_Mu17_TrkIsoVVL_Mu8_TrkIsoVVL_v*",
   "HLT_Mu17_TrkIsoVVL_Mu8_TrkIsoVVL_DZ_v*",
   "HLT_Mu17_TrkIsoVVL_TkMu8_TrkIsoVVL_v*",
   "HLT_Mu17_TrkIsoVVL_TkMu8_TrkIsoVVL_DZ_v*",
   "HLT_Mu8_TrkIsoVVL_Ele23_CaloIdL_TrackIdL_IsoVL_v*",
   "HLT_Mu8_TrkIsoVVL_Ele23_CaloIdL_TrackIdL_IsoVL_DZ_v*",
   "HLT_Mu23_TrkIsoVVL_Ele12_CaloIdL_TrackIdL_IsoVL_v*",
   "HLT_Mu23_TrkIsoVVL_Ele12_CaloIdL_TrackIdL_IsoVL_DZ_v*",
   "HLT_Mu12_TrkIsoVVL_Ele23_CaloIdL_TrackIdL_IsoVL_v*",
   "HLT_Mu12_TrkIsoVVL_Ele23_CaloIdL_TrackIdL_IsoVL_DZ_v*",
   "HLT_Mu17_v*",
   "HLT_Mu17_TrkIsoVVL_v*",
   "HLT_PFHT800_v*",
   "HLT_AK8PFJet360_TrimMass30_v*",
   ]
